[2026-02-17 14:24:07] setTradingStop failed {"symbol":"RAYDIUMUSDT","error":"unknown_error"}
[2026-02-17 14:52:06] setTradingStop failed {"symbol":"DRIFTUSDT","error":"unknown_error"}
[2026-02-17 15:20:08] setTradingStop failed {"symbol":"ZORAUSDT","error":"unknown_error"}
[2026-02-17 15:22:07] setTradingStop failed {"symbol":"ZORAUSDT","error":"unknown_error"}
[2026-02-17 15:24:06] setTradingStop failed {"symbol":"ZORAUSDT","error":"unknown_error"}
[2026-02-17 15:26:07] setTradingStop failed {"symbol":"ZORAUSDT","error":"unknown_error"}
[2026-03-31 20:56:03] setTradingStop failed {"symbol":"KAITOUSDT","error":"unknown_error"}
[2026-03-31 20:58:04] setTradingStop failed {"symbol":"KAITOUSDT","error":"unknown_error"}
[2026-03-31 22:13:02] setTradingStop failed {"symbol":"WAXPUSDT","error":"unknown_error"}
[2026-03-31 22:15:02] setTradingStop failed {"symbol":"WAXPUSDT","error":"unknown_error"}
[2026-03-31 22:17:04] setTradingStop failed {"symbol":"WAXPUSDT","error":"unknown_error"}
[2026-03-31 22:19:03] setTradingStop failed {"symbol":"WAXPUSDT","error":"unknown_error"}
[2026-03-31 22:48:03] setTradingStop failed {"symbol":"WAXPUSDT","error":"unknown_error"}
[2026-03-31 23:01:03] setTradingStop failed {"symbol":"WAXPUSDT","error":"unknown_error"}
[2026-03-31 23:21:03] setTradingStop failed {"symbol":"PROVEUSDT","error":"unknown_error"}
[2026-03-31 23:23:03] setTradingStop failed {"symbol":"PROVEUSDT","error":"unknown_error"}
[2026-03-31 23:25:02] setTradingStop failed {"symbol":"PROVEUSDT","error":"unknown_error"}
[2026-04-01 00:07:03] setTradingStop failed {"symbol":"RECALLUSDT","error":"unknown_error"}
[2026-04-01 02:18:03] setTradingStop failed {"symbol":"TAUSDT","error":"unknown_error"}
[2026-04-01 02:22:02] setTradingStop failed {"symbol":"MOCAUSDT","error":"unknown_error"}
[2026-04-01 02:26:03] setTradingStop failed {"symbol":"MMTUSDT","error":"unknown_error"}
[2026-04-01 02:28:04] setTradingStop failed {"symbol":"MMTUSDT","error":"unknown_error"}
[2026-04-01 02:30:03] setTradingStop failed {"symbol":"MOCAUSDT","error":"unknown_error"}
[2026-04-01 02:34:03] setTradingStop failed {"symbol":"MOCAUSDT","error":"unknown_error"}
[2026-04-01 02:36:04] setTradingStop failed {"symbol":"MMTUSDT","error":"unknown_error"}
[2026-04-01 02:36:04] setTradingStop failed {"symbol":"MOCAUSDT","error":"unknown_error"}
[2026-04-01 02:38:02] setTradingStop failed {"symbol":"MOCAUSDT","error":"unknown_error"}
[2026-04-01 02:38:03] setTradingStop failed {"symbol":"MMTUSDT","error":"unknown_error"}
[2026-04-01 02:38:03] setTradingStop failed {"symbol":"BATUSDT","error":"unknown_error"}
[2026-04-01 02:40:02] setTradingStop failed {"symbol":"MOCAUSDT","error":"unknown_error"}
[2026-04-01 02:42:02] setTradingStop failed {"symbol":"MMTUSDT","error":"unknown_error"}
[2026-04-01 02:42:03] setTradingStop failed {"symbol":"MOCAUSDT","error":"unknown_error"}
[2026-04-01 02:44:03] setTradingStop failed {"symbol":"MMTUSDT","error":"unknown_error"}
[2026-04-01 02:44:03] setTradingStop failed {"symbol":"MOCAUSDT","error":"unknown_error"}
[2026-04-01 02:46:03] setTradingStop failed {"symbol":"MOCAUSDT","error":"unknown_error"}
[2026-04-01 02:48:03] setTradingStop failed {"symbol":"MOCAUSDT","error":"unknown_error"}
[2026-04-01 02:50:03] setTradingStop failed {"symbol":"MOCAUSDT","error":"unknown_error"}
[2026-04-01 02:52:04] setTradingStop failed {"symbol":"MOCAUSDT","error":"unknown_error"}
[2026-04-01 02:54:03] setTradingStop failed {"symbol":"MOCAUSDT","error":"unknown_error"}
[2026-04-01 02:54:04] setTradingStop failed {"symbol":"KAIAUSDT","error":"unknown_error"}
[2026-04-01 02:56:03] setTradingStop failed {"symbol":"MOCAUSDT","error":"unknown_error"}
[2026-04-01 02:56:04] setTradingStop failed {"symbol":"KAIAUSDT","error":"unknown_error"}
[2026-04-01 02:58:03] setTradingStop failed {"symbol":"KAIAUSDT","error":"unknown_error"}
[2026-04-01 02:58:03] setTradingStop failed {"symbol":"MOCAUSDT","error":"unknown_error"}
[2026-04-01 03:00:03] setTradingStop failed {"symbol":"KAIAUSDT","error":"unknown_error"}
[2026-04-01 03:00:03] setTradingStop failed {"symbol":"MOCAUSDT","error":"unknown_error"}
[2026-04-01 03:02:02] setTradingStop failed {"symbol":"KAIAUSDT","error":"unknown_error"}
[2026-04-01 03:02:03] setTradingStop failed {"symbol":"MOCAUSDT","error":"unknown_error"}
[2026-04-01 03:04:02] setTradingStop failed {"symbol":"MOCAUSDT","error":"unknown_error"}
[2026-04-01 03:04:03] setTradingStop failed {"symbol":"KAIAUSDT","error":"unknown_error"}
[2026-04-01 03:06:02] setTradingStop failed {"symbol":"MOCAUSDT","error":"unknown_error"}
[2026-04-01 03:06:04] setTradingStop failed {"symbol":"CELOUSDT","error":"unknown_error"}
[2026-04-01 03:08:03] setTradingStop failed {"symbol":"MOCAUSDT","error":"unknown_error"}
[2026-04-01 03:10:03] setTradingStop failed {"symbol":"MOCAUSDT","error":"unknown_error"}
[2026-04-01 03:12:02] setTradingStop failed {"symbol":"ALGOUSDT","error":"unknown_error"}
[2026-04-01 03:12:02] setTradingStop failed {"symbol":"MOCAUSDT","error":"unknown_error"}
[2026-04-01 03:14:03] setTradingStop failed {"symbol":"ALGOUSDT","error":"unknown_error"}
[2026-04-01 03:14:04] setTradingStop failed {"symbol":"MOCAUSDT","error":"unknown_error"}
[2026-04-01 03:16:03] setTradingStop failed {"symbol":"MOCAUSDT","error":"unknown_error"}
[2026-04-01 03:16:04] setTradingStop failed {"symbol":"ALGOUSDT","error":"unknown_error"}
[2026-04-01 03:18:03] setTradingStop failed {"symbol":"MOCAUSDT","error":"unknown_error"}
[2026-04-01 03:20:03] setTradingStop failed {"symbol":"MOCAUSDT","error":"unknown_error"}
[2026-04-01 03:22:03] setTradingStop failed {"symbol":"MOCAUSDT","error":"unknown_error"}
[2026-04-01 03:24:03] setTradingStop failed {"symbol":"MOCAUSDT","error":"unknown_error"}
[2026-04-01 03:26:02] setTradingStop failed {"symbol":"MOCAUSDT","error":"unknown_error"}
[2026-04-01 03:26:03] setTradingStop failed {"symbol":"BEAMUSDT","error":"unknown_error"}
[2026-04-01 03:28:03] setTradingStop failed {"symbol":"MOCAUSDT","error":"unknown_error"}
[2026-04-01 03:30:04] setTradingStop failed {"symbol":"MOCAUSDT","error":"unknown_error"}
[2026-04-01 03:35:04] setTradingStop failed {"symbol":"MIRAUSDT","error":"unknown_error"}
[2026-04-01 03:37:03] setTradingStop failed {"symbol":"MIRAUSDT","error":"unknown_error"}
[2026-04-01 06:05:03] setTradingStop failed {"symbol":"ATHUSDT","error":"unknown_error"}
[2026-04-01 07:07:03] setTradingStop failed {"symbol":"TAIKOUSDT","error":"unknown_error"}
[2026-04-01 07:09:02] setTradingStop failed {"symbol":"TAIKOUSDT","error":"unknown_error"}
[2026-04-01 07:13:05] setTradingStop failed {"symbol":"TAIKOUSDT","error":"unknown_error"}
[2026-04-01 07:15:03] setTradingStop failed {"symbol":"TAIKOUSDT","error":"unknown_error"}
[2026-04-08 09:38:05] setTradingStop failed {"symbol":"FIDAUSDT","error":"unknown_error"}
[2026-04-08 16:54:04] setTradingStop failed {"symbol":"QNTUSDT","error":"unknown_error"}
[2026-04-08 16:56:05] setTradingStop failed {"symbol":"QNTUSDT","error":"unknown_error"}
[2026-04-08 16:58:04] setTradingStop failed {"symbol":"QNTUSDT","error":"unknown_error"}
[2026-04-08 17:00:05] setTradingStop failed {"symbol":"QNTUSDT","error":"unknown_error"}
[2026-04-08 19:22:05] setTradingStop failed {"symbol":"MINAUSDT","error":"unknown_error"}
[2026-04-08 19:44:05] setTradingStop failed {"symbol":"TONUSDT","error":"unknown_error"}
[2026-04-09 08:28:59] setTradingStop failed {"symbol":"GRTUSDT","error":"unknown_error"}
[2026-04-09 09:20:06] setTradingStop failed {"symbol":"GRTUSDT","error":"unknown_error"}
[2026-04-09 09:28:05] setTradingStop failed {"symbol":"GRTUSDT","error":"unknown_error"}
[2026-04-09 11:29:05] setTradingStop failed {"symbol":"GRTUSDT","error":"unknown_error"}
[2026-04-09 13:20:04] setTradingStop failed {"symbol":"1000PEPEUSDT","error":"unknown_error"}
[2026-04-09 14:35:06] setTradingStop failed {"symbol":"HYPERUSDT","error":"unknown_error"}
[2026-04-09 14:37:06] setTradingStop failed {"symbol":"HYPERUSDT","error":"unknown_error"}
[2026-04-09 14:41:05] setTradingStop failed {"symbol":"ICPUSDT","error":"unknown_error"}
[2026-04-09 18:52:05] setTradingStop failed {"symbol":"PHAUSDT","error":"unknown_error"}
[2026-04-09 18:54:06] setTradingStop failed {"symbol":"PHAUSDT","error":"unknown_error"}
[2026-04-10 02:33:07] setTradingStop failed {"symbol":"RESOLVUSDT","error":"unknown_error"}
[2026-04-10 04:59:04] setTradingStop failed {"symbol":"JTOUSDT","error":"unknown_error"}
[2026-04-10 07:21:06] setTradingStop failed {"symbol":"EGLDUSDT","error":"unknown_error"}
[2026-04-10 07:23:06] setTradingStop failed {"symbol":"EGLDUSDT","error":"unknown_error"}
[2026-04-10 07:25:04] setTradingStop failed {"symbol":"EGLDUSDT","error":"unknown_error"}
[2026-04-10 07:27:06] setTradingStop failed {"symbol":"EGLDUSDT","error":"unknown_error"}
[2026-04-10 07:33:07] setTradingStop failed {"symbol":"EGLDUSDT","error":"unknown_error"}
[2026-04-10 07:45:06] setTradingStop failed {"symbol":"KSMUSDT","error":"unknown_error"}
[2026-04-10 07:47:06] setTradingStop failed {"symbol":"KSMUSDT","error":"unknown_error"}
[2026-04-10 08:40:04] setTradingStop failed {"symbol":"1000LUNCUSDT","error":"unknown_error"}
[2026-04-10 08:42:06] setTradingStop failed {"symbol":"1000LUNCUSDT","error":"unknown_error"}
[2026-04-10 08:44:04] setTradingStop failed {"symbol":"1000LUNCUSDT","error":"unknown_error"}
[2026-04-10 09:23:05] setTradingStop failed {"symbol":"ASTRUSDT","error":"unknown_error"}
[2026-04-10 09:25:05] setTradingStop failed {"symbol":"ASTRUSDT","error":"unknown_error"}
[2026-04-10 09:47:06] setTradingStop failed {"symbol":"ASTRUSDT","error":"unknown_error"}
[2026-04-10 09:49:04] setTradingStop failed {"symbol":"SUSHIUSDT","error":"unknown_error"}
[2026-04-10 09:49:04] setTradingStop failed {"symbol":"ASTRUSDT","error":"unknown_error"}
[2026-04-10 09:51:06] setTradingStop failed {"symbol":"SUSHIUSDT","error":"unknown_error"}
[2026-04-10 09:51:07] setTradingStop failed {"symbol":"ASTRUSDT","error":"unknown_error"}
[2026-04-10 09:53:06] setTradingStop failed {"symbol":"ASTRUSDT","error":"unknown_error"}
[2026-04-10 13:07:04] setTradingStop failed {"symbol":"XCNUSDT","error":"unknown_error"}
[2026-04-10 13:55:04] setTradingStop failed {"symbol":"JSTUSDT","error":"unknown_error"}
[2026-04-10 18:36:06] setTradingStop failed {"symbol":"1000PEPEUSDT","error":"unknown_error"}
[2026-04-11 01:32:06] setTradingStop failed {"symbol":"STEEMUSDT","error":"unknown_error"}
[2026-04-11 01:34:04] setTradingStop failed {"symbol":"STEEMUSDT","error":"unknown_error"}
[2026-04-11 01:40:05] setTradingStop failed {"symbol":"STEEMUSDT","error":"unknown_error"}
[2026-04-11 01:48:06] setTradingStop failed {"symbol":"CTCUSDT","error":"unknown_error"}
[2026-04-11 01:50:06] setTradingStop failed {"symbol":"CTCUSDT","error":"unknown_error"}
[2026-04-11 02:18:07] setTradingStop failed {"symbol":"METISUSDT","error":"unknown_error"}
[2026-04-11 02:20:05] setTradingStop failed {"symbol":"METISUSDT","error":"unknown_error"}
[2026-04-11 04:16:05] setTradingStop failed {"symbol":"HFTUSDT","error":"unknown_error"}
[2026-04-11 04:18:06] setTradingStop failed {"symbol":"HFTUSDT","error":"unknown_error"}
[2026-04-11 04:20:05] setTradingStop failed {"symbol":"HFTUSDT","error":"unknown_error"}
[2026-04-11 04:22:04] setTradingStop failed {"symbol":"HFTUSDT","error":"unknown_error"}
[2026-04-11 04:24:07] setTradingStop failed {"symbol":"HFTUSDT","error":"unknown_error"}
[2026-04-11 04:26:06] setTradingStop failed {"symbol":"HFTUSDT","error":"unknown_error"}
[2026-04-11 04:28:04] setTradingStop failed {"symbol":"HFTUSDT","error":"unknown_error"}
[2026-04-11 04:30:05] setTradingStop failed {"symbol":"HFTUSDT","error":"unknown_error"}
[2026-04-11 04:32:04] setTradingStop failed {"symbol":"HFTUSDT","error":"unknown_error"}
[2026-04-11 04:36:07] setTradingStop failed {"symbol":"HFTUSDT","error":"unknown_error"}
[2026-04-11 04:38:04] setTradingStop failed {"symbol":"HFTUSDT","error":"unknown_error"}
[2026-04-11 04:52:07] setTradingStop failed {"symbol":"HFTUSDT","error":"unknown_error"}
[2026-04-11 04:54:07] setTradingStop failed {"symbol":"HFTUSDT","error":"unknown_error"}
[2026-04-11 04:56:04] setTradingStop failed {"symbol":"HFTUSDT","error":"unknown_error"}
[2026-04-11 04:58:05] setTradingStop failed {"symbol":"HFTUSDT","error":"unknown_error"}
[2026-04-11 07:32:05] setTradingStop failed {"symbol":"ONGUSDT","error":"unknown_error"}
[2026-04-11 07:34:05] setTradingStop failed {"symbol":"ONGUSDT","error":"unknown_error"}
[2026-04-11 07:36:08] setTradingStop failed {"symbol":"ONGUSDT","error":"unknown_error"}
[2026-04-11 07:38:04] setTradingStop failed {"symbol":"ONGUSDT","error":"unknown_error"}
[2026-04-11 13:03:07] setTradingStop failed {"symbol":"1000PEPEUSDT","error":"unknown_error"}
[2026-04-11 13:05:06] setTradingStop failed {"symbol":"1000PEPEUSDT","error":"unknown_error"}
[2026-04-11 13:23:05] setTradingStop failed {"symbol":"1000PEPEUSDT","error":"unknown_error"}
[2026-04-11 13:25:04] setTradingStop failed {"symbol":"1000PEPEUSDT","error":"unknown_error"}
[2026-04-11 13:27:08] setTradingStop failed {"symbol":"1000PEPEUSDT","error":"unknown_error"}
[2026-04-11 13:29:05] setTradingStop failed {"symbol":"1000PEPEUSDT","error":"unknown_error"}
[2026-04-11 13:31:04] setTradingStop failed {"symbol":"1000PEPEUSDT","error":"unknown_error"}
[2026-04-11 13:33:09] setTradingStop failed {"symbol":"1000PEPEUSDT","error":"unknown_error"}
[2026-04-11 13:35:06] setTradingStop failed {"symbol":"1000PEPEUSDT","error":"unknown_error"}
[2026-04-11 13:37:04] setTradingStop failed {"symbol":"1000PEPEUSDT","error":"unknown_error"}
[2026-04-11 13:39:08] setTradingStop failed {"symbol":"1000PEPEUSDT","error":"unknown_error"}
[2026-04-11 13:41:04] setTradingStop failed {"symbol":"1000PEPEUSDT","error":"unknown_error"}
[2026-04-11 13:42:09] setTradingStop failed {"symbol":"1000PEPEUSDT","error":"unknown_error"}
[2026-04-11 13:44:05] setTradingStop failed {"symbol":"1000PEPEUSDT","error":"unknown_error"}
[2026-04-11 13:51:07] setTradingStop failed {"symbol":"1000PEPEUSDT","error":"unknown_error"}
[2026-04-11 13:59:06] setTradingStop failed {"symbol":"1000PEPEUSDT","error":"unknown_error"}
[2026-04-11 14:01:05] setTradingStop failed {"symbol":"1000PEPEUSDT","error":"unknown_error"}
[2026-04-11 14:03:07] setTradingStop failed {"symbol":"1000PEPEUSDT","error":"unknown_error"}
[2026-04-11 14:05:07] setTradingStop failed {"symbol":"1000PEPEUSDT","error":"unknown_error"}
[2026-04-11 14:11:41] setTradingStop failed {"symbol":"1000PEPEUSDT","error":"unknown_error"}
[2026-04-11 14:13:04] setTradingStop failed {"symbol":"1000PEPEUSDT","error":"unknown_error"}
[2026-04-12 02:39:08] setTradingStop failed {"symbol":"LPTUSDT","error":"unknown_error"}
[2026-04-12 02:41:05] setTradingStop failed {"symbol":"LPTUSDT","error":"unknown_error"}
[2026-04-12 03:56:06] setTradingStop failed {"symbol":"QNTUSDT","error":"unknown_error"}
[2026-04-12 03:58:05] setTradingStop failed {"symbol":"QNTUSDT","error":"unknown_error"}
[2026-04-12 04:00:07] setTradingStop failed {"symbol":"QNTUSDT","error":"unknown_error"}
[2026-04-12 04:35:05] setTradingStop failed {"symbol":"SIGNUSDT","error":"unknown_error"}
[2026-04-12 04:37:05] setTradingStop failed {"symbol":"SIGNUSDT","error":"unknown_error"}
[2026-04-12 05:33:08] setTradingStop failed {"symbol":"BCHUSDT","error":"unknown_error"}
[2026-04-12 08:11:05] setTradingStop failed {"symbol":"XDCUSDT","error":"unknown_error"}
[2026-04-12 09:58:06] setTradingStop failed {"symbol":"QNTUSDT","error":"unknown_error"}
[2026-04-12 10:04:05] setTradingStop failed {"symbol":"QNTUSDT","error":"unknown_error"}
[2026-04-12 10:08:04] setTradingStop failed {"symbol":"QNTUSDT","error":"unknown_error"}
[2026-04-12 17:59:08] setTradingStop failed {"symbol":"DBRUSDT","error":"unknown_error"}
[2026-04-12 18:01:07] setTradingStop failed {"symbol":"DBRUSDT","error":"unknown_error"}
[2026-04-12 18:03:05] setTradingStop failed {"symbol":"DBRUSDT","error":"unknown_error"}
[2026-04-12 18:05:07] setTradingStop failed {"symbol":"DBRUSDT","error":"unknown_error"}
[2026-04-12 18:07:08] setTradingStop failed {"symbol":"DBRUSDT","error":"unknown_error"}
[2026-04-12 18:09:06] setTradingStop failed {"symbol":"DBRUSDT","error":"unknown_error"}
[2026-04-12 18:11:08] setTradingStop failed {"symbol":"DBRUSDT","error":"unknown_error"}
[2026-04-12 18:13:07] setTradingStop failed {"symbol":"DBRUSDT","error":"unknown_error"}
[2026-04-12 18:17:05] setTradingStop failed {"symbol":"DBRUSDT","error":"unknown_error"}
[2026-04-12 18:19:07] setTradingStop failed {"symbol":"DBRUSDT","error":"unknown_error"}
[2026-04-12 18:21:04] setTradingStop failed {"symbol":"DBRUSDT","error":"unknown_error"}
[2026-04-12 18:25:06] setTradingStop failed {"symbol":"DBRUSDT","error":"unknown_error"}
[2026-04-12 18:29:06] setTradingStop failed {"symbol":"DBRUSDT","error":"unknown_error"}
[2026-04-12 20:01:09] setTradingStop failed {"symbol":"DBRUSDT","error":"unknown_error"}
[2026-04-12 20:03:05] setTradingStop failed {"symbol":"DBRUSDT","error":"unknown_error"}
[2026-04-12 20:05:04] setTradingStop failed {"symbol":"DBRUSDT","error":"unknown_error"}
[2026-04-12 20:11:04] setTradingStop failed {"symbol":"DBRUSDT","error":"unknown_error"}
[2026-04-12 20:23:04] setTradingStop failed {"symbol":"DBRUSDT","error":"unknown_error"}
[2026-04-12 20:39:06] setTradingStop failed {"symbol":"DBRUSDT","error":"unknown_error"}
[2026-04-12 20:49:09] setTradingStop failed {"symbol":"DBRUSDT","error":"unknown_error"}
